#-----------------------------------------------------------
# Vivado v2018.3 (64-bit)
# SW Build 2405991 on Thu Dec  6 23:38:27 MST 2018
# IP Build 2404404 on Fri Dec  7 01:43:56 MST 2018
# Start of session at: Tue Jun  4 15:15:59 2019
# Process ID: 3232
# Current directory: C:/Users/xoepe/Documents/ECEC302/FinalPractice/Problem_5
# Command line: vivado.exe -gui_launcher_event rodinguilauncherevent4872 C:\Users\xoepe\Documents\ECEC302\FinalPractice\Problem_5\Problem_5.xpr
# Log file: C:/Users/xoepe/Documents/ECEC302/FinalPractice/Problem_5/vivado.log
# Journal file: C:/Users/xoepe/Documents/ECEC302/FinalPractice/Problem_5\vivado.jou
#-----------------------------------------------------------
start_gui
open_project C:/Users/xoepe/Documents/ECEC302/FinalPractice/Problem_5/Problem_5.xpr
update_compile_order -fileset sources_1
close_project
open_project C:/Users/xoepe/Documents/ECEC302/FinalPractice/Problem_3/Problem_3.xpr
update_compile_order -fileset sources_1
open_project C:/Users/xoepe/Documents/ECEC302/HW4/t_gate/t_gate.xpr
update_compile_order -fileset sources_1
reset_run synth_1
launch_runs impl_1 -to_step write_bitstream -jobs 2
wait_on_run impl_1
open_project C:/Users/xoepe/Documents/ECEC302/L9/bcd_array/bcd_array.xpr
current_project t_gate
open_hw
connect_hw_server
open_hw_target
set_property PROGRAM.FILE {C:/Users/xoepe/Documents/ECEC302/L9/bcd_array/bcd_array.runs/impl_1/bcd_array_adder_tb.bit} [get_hw_devices xc7a35t_0]
current_hw_device [get_hw_devices xc7a35t_0]
refresh_hw_device -update_hw_probes false [lindex [get_hw_devices xc7a35t_0] 0]
current_project bcd_array
set_property PROBES.FILE {} [get_hw_devices xc7a35t_0]
set_property FULL_PROBES.FILE {} [get_hw_devices xc7a35t_0]
set_property PROGRAM.FILE {C:/Users/xoepe/Documents/ECEC302/L9/bcd_array/bcd_array.runs/impl_1/bcd_array_adder_tb.bit} [get_hw_devices xc7a35t_0]
program_hw_devices [get_hw_devices xc7a35t_0]
refresh_hw_device [lindex [get_hw_devices xc7a35t_0] 0]
current_project t_gate
current_project bcd_array
close_project
open_hw
connect_hw_server
open_hw_target
set_property PROGRAM.FILE {C:\Users\xoepe\Documents\ECEC302\L9\bcd_array\bcd_array.runs\impl_1\bcd_array_adder_tb.bit} [get_hw_devices xc7a35t_0]
current_hw_device [get_hw_devices xc7a35t_0]
refresh_hw_device -update_hw_probes false [lindex [get_hw_devices xc7a35t_0] 0]
set_property PROBES.FILE {} [get_hw_devices xc7a35t_0]
set_property FULL_PROBES.FILE {} [get_hw_devices xc7a35t_0]
set_property PROGRAM.FILE {C:/Users/xoepe/Documents/ECEC302/HW4/t_gate/t_gate.runs/impl_1/t_gate7.bit} [get_hw_devices xc7a35t_0]
program_hw_devices [get_hw_devices xc7a35t_0]
refresh_hw_device [lindex [get_hw_devices xc7a35t_0] 0]
close_project
create_project adder_tb C:/Users/xoepe/Documents/ECEC302/HW7/adder_tb -part xc7a35tcpg236-1
file mkdir C:/Users/xoepe/Documents/ECEC302/HW7/adder_tb/adder_tb.srcs/sources_1/new
set_property target_language VHDL [current_project]
close [ open C:/Users/xoepe/Documents/ECEC302/HW7/adder_tb/adder_tb.srcs/sources_1/new/adder_tb.vhd w ]
add_files C:/Users/xoepe/Documents/ECEC302/HW7/adder_tb/adder_tb.srcs/sources_1/new/adder_tb.vhd
add_files -fileset constrs_1 -norecurse C:/Users/xoepe/Documents/ECEC302/Basys3_Master.xdc
update_compile_order -fileset sources_1
update_compile_order -fileset sources_1
update_compile_order -fileset sources_1
close_project
update_compile_order -fileset sources_1
